\BOOKMARK [0][-]{chapter.1}{\376\377\000W\000s\000t\001\031\000p}{}% 1
\BOOKMARK [0][-]{chapter.2}{\376\377\000T\000e\000o\000r\000e\000t\000y\000c\000z\000n\000e\000\040\000p\000o\000d\000s\000t\000a\000w\000y\000\040\000u\000k\001\102\000a\000d\000\363\000w\000\040\000c\000h\000a\000o\000t\000y\000c\000z\000n\000y\000c\000h}{}% 2
\BOOKMARK [1][-]{section.2.1}{\376\377\000O\000d\000w\000z\000o\000r\000o\000w\000a\000n\000i\000e\000\040\000l\000o\000g\000i\000s\000t\000y\000c\000z\000n\000e\000\040\000i\000\040\000g\000e\000o\000m\000e\000t\000r\000i\000a\000\040\000f\000r\000a\000k\000t\000a\000l\000n\000a}{chapter.2}% 3
\BOOKMARK [1][-]{section.2.2}{\376\377\000A\000t\000r\000a\000k\000t\000o\000r\000\040\000L\000o\000r\000e\000n\000z\000a}{chapter.2}% 4
\BOOKMARK [1][-]{section.2.3}{\376\377\000E\000n\000t\000r\000o\000p\000i\000a\000\040\000S\000h\000a\000n\000n\000o\000n\000a}{chapter.2}% 5
\BOOKMARK [2][-]{subsection.2.3.1}{\376\377\000E\000n\000t\000r\000o\000p\000i\000a\000\040\000K\000o\001\102\000m\000o\000g\000o\000r\000o\000w\000a\000-\000S\000i\000n\000a\000i\000a}{section.2.3}% 6
\BOOKMARK [2][-]{subsection.2.3.2}{\376\377\000D\000y\000s\000t\000a\000n\000s\000\040\000H\000a\000m\000m\000i\000n\000g\000a}{section.2.3}% 7
\BOOKMARK [1][-]{section.2.4}{\376\377\000K\000o\000r\000e\000l\000a\000c\000j\000a\000\040\000P\000e\000a\000r\000s\000o\000n\000a\000\040\000i\000\040\000S\000p\000e\000a\000r\000m\000a\000n\000a}{chapter.2}% 8
\BOOKMARK [1][-]{section.2.5}{\376\377\000A\000n\000a\000l\000i\000z\000a\000\040\000w\000\040\000d\000z\000i\000e\000d\000z\000i\000n\000i\000e\000\040\000c\000z\001\031\000s\000t\000o\000t\000l\000i\000w\000o\001\133\000c\000i\000\040\000i\000\040\000w\000i\000d\000m\000o\000\040\000m\000o\000c\000y}{chapter.2}% 9
\BOOKMARK [1][-]{section.2.6}{\376\377\000W\000y\000k\001\102\000a\000d\000n\000i\000k\000\040\000L\000a\000p\000u\000n\000o\000w\000a}{chapter.2}% 10
\BOOKMARK [2][-]{subsection.2.6.1}{\376\377\000A\000l\000g\000o\000r\000y\000t\000m\000\040\000R\000o\000s\000e\000n\000s\000t\000e\000i\000n\000a}{section.2.6}% 11
\BOOKMARK [1][-]{section.2.7}{\376\377\000M\000o\000d\000e\000l\000o\000w\000a\000n\000i\000e\000\040\000z\000j\000a\000w\000i\000s\000k\000\040\000c\000h\000a\000o\000t\000y\000c\000z\000n\000y\000c\000h\000\040\000z\000a\000\040\000p\000o\000m\000o\000c\001\005\000\040\000s\000z\000t\000u\000c\000z\000n\000y\000c\000h\000\040\000s\000i\000e\000c\000i\000\040\000n\000e\000u\000r\000o\000n\000o\000w\000y\000c\000h\000\040\000G\000A\000N}{chapter.2}% 12
\BOOKMARK [1][-]{section.2.8}{\376\377\000S\000i\000e\000c\000i\000\040\000z\000\040\000p\000a\000m\000i\001\031\000c\000i\001\005\000\040\000L\000S\000T\000M}{chapter.2}% 13
\BOOKMARK [0][-]{chapter.3}{\376\377\000G\000e\000n\000e\000r\000o\000w\000a\000n\000i\000e\000\040\000p\000r\000z\000e\000b\000i\000e\000g\000\363\000w\000\040\000c\000h\000a\000o\000t\000y\000c\000z\000n\000y\000c\000h\000\040\000z\000a\000\040\000p\000o\000m\000o\000c\001\005\000\040\000s\000i\000e\000c\000i\000\040\000n\000e\000u\000r\000o\000n\000o\000w\000y\000c\000h}{}% 14
\BOOKMARK [1][-]{section.3.1}{\376\377\000D\000a\000n\000e\000\040\000w\000e\000j\001\133\000c\000i\000o\000w\000e}{chapter.3}% 15
\BOOKMARK [1][-]{section.3.2}{\376\377\001\132\000r\000o\000d\000o\000w\000i\000s\000k\000o\000\040\000p\000r\000a\000c\000y\000\040\000i\000\040\000b\000i\000b\000l\000i\000o\000t\000e\000k\000i\000\040\000o\000b\000l\000i\000c\000z\000e\000n\000i\000o\000w\000e}{chapter.3}% 16
\BOOKMARK [1][-]{section.3.3}{\376\377\000U\000z\000a\000s\000a\000d\000n\000i\000e\000n\000i\000e\000\040\000w\000y\000b\000o\000r\000u\000\040\000a\000r\000c\000h\000i\000t\000e\000k\000t\000u\000r\000y\000\040\000G\000A\000N}{chapter.3}% 17
\BOOKMARK [1][-]{section.3.4}{\376\377\000P\000r\000a\000k\000t\000y\000c\000z\000n\000a\000\040\000i\000m\000p\000l\000e\000m\000e\000n\000t\000a\000c\000j\000a\000\040\000m\000o\000d\000e\000l\000u}{chapter.3}% 18
\BOOKMARK [2][-]{subsection.3.4.1}{\376\377\000W\000c\000z\000y\000t\000y\000w\000a\000n\000i\000e\000\040\000i\000\040\000p\000r\000z\000y\000g\000o\000t\000o\000w\000a\000n\000i\000e\000\040\000d\000a\000n\000y\000c\000h}{section.3.4}% 19
\BOOKMARK [2][-]{subsection.3.4.2}{\376\377\000A\000r\000c\000h\000i\000t\000e\000k\000t\000u\000r\000a\000\040\000m\000o\000d\000u\001\102\000u\000\040\000g\000e\000n\000e\000r\000a\000t\000y\000w\000n\000e\000g\000o}{section.3.4}% 20
\BOOKMARK [2][-]{subsection.3.4.3}{\376\377\000A\000r\000c\000h\000i\000t\000e\000k\000t\000u\000r\000a\000\040\000m\000o\000d\000u\001\102\000u\000\040\000d\000y\000s\000k\000r\000y\000m\000i\000n\000u\000j\001\005\000c\000e\000g\000o}{section.3.4}% 21
\BOOKMARK [2][-]{subsection.3.4.4}{\376\377\000T\000r\000e\000n\000i\000n\000g\000\040\000s\000i\000e\000c\000i\000\040\000i\000\040\000f\000u\000n\000k\000c\000j\000e\000\040\000s\000t\000r\000a\000t\000y}{section.3.4}% 22
\BOOKMARK [2][-]{subsection.3.4.5}{\376\377\000P\000r\000o\000c\000e\000d\000u\000r\000a\000\040\000p\001\031\000t\000l\000i\000\040\000u\000c\000z\001\005\000c\000e\000j}{section.3.4}% 23
\BOOKMARK [0][-]{chapter.4}{\376\377\000W\000e\000r\000y\000f\000i\000k\000a\000c\000j\000a\000\040\000w\001\102\000a\001\133\000c\000i\000w\000o\001\133\000c\000i\000\040\000c\000h\000a\000o\000t\000y\000c\000z\000n\000y\000c\000h\000\040\000w\000\040\000w\000y\000g\000e\000n\000e\000r\000o\000w\000a\000n\000y\000c\000h\000\040\000p\000r\000z\000e\000b\000i\000e\000g\000a\000c\000h}{}% 24
\BOOKMARK [1][-]{section.4.1}{\376\377\000A\000n\000a\000l\000i\000z\000a\000\040\000p\000r\000z\000e\000b\000i\000e\000g\000u\000\040\000c\000h\000a\000o\000t\000y\000c\000z\000n\000e\000g\000o}{chapter.4}% 25
\BOOKMARK [1][-]{section.4.2}{\376\377\000W\000y\000k\001\102\000a\000d\000n\000i\000k\000\040\000L\000a\000p\000u\000n\000o\000w\000a}{chapter.4}% 26
\BOOKMARK [1][-]{section.4.3}{\376\377\000A\000n\000a\000l\000i\000z\000a\000\040\000e\000n\000t\000r\000o\000p\000i\000i}{chapter.4}% 27
\BOOKMARK [1][-]{section.4.4}{\376\377\000W\000i\000d\000m\000o\000\040\000m\000o\000c\000y}{chapter.4}% 28
\BOOKMARK [1][-]{section.4.5}{\376\377\000A\000t\000r\000a\000k\000t\000o\000r\000\040\000L\000o\000r\000e\000n\000z\000a}{chapter.4}% 29
\BOOKMARK [0][-]{chapter.5}{\376\377\000P\000o\000d\000s\000u\000m\000o\000w\000a\000n\000i\000e}{}% 30
\BOOKMARK [0][-]{section*.20}{\376\377\000B\000i\000b\000l\000i\000o\000g\000r\000a\000f\000i\000a}{}% 31
\BOOKMARK [0][-]{chapter*.22}{\376\377\000S\000p\000i\000s\000\040\000r\000y\000s\000u\000n\000k\000\363\000w}{}% 32
