\BOOKMARK [0][-]{chapter.1}{\376\377\000W\000s\000t\001\031\000p}{}% 1
\BOOKMARK [0][-]{chapter.2}{\376\377\000T\000e\000o\000r\000i\000a\000\040\000c\000h\000a\000o\000s\000u}{}% 2
\BOOKMARK [1][-]{section.2.1}{\376\377\000E\000n\000t\000r\000o\000p\000i\000a\000\040\000S\000h\000a\000n\000n\000o\000n\000a}{chapter.2}% 3
\BOOKMARK [2][-]{subsection.2.1.1}{\376\377\000Z\000a\000s\000a\000d\000a\000\040\000d\000z\000i\000a\001\102\000a\000n\000i\000a}{section.2.1}% 4
\BOOKMARK [1][-]{section.2.2}{\376\377\000W\000y\000k\001\102\000a\000d\000n\000i\000k\000\040\000L\000a\000p\000u\000n\000o\000w\000a}{chapter.2}% 5
\BOOKMARK [2][-]{subsection.2.2.1}{\376\377\000Z\000a\000s\000a\000d\000a\000\040\000d\000z\000i\000a\001\102\000a\000n\000i\000a}{section.2.2}% 6
\BOOKMARK [2][-]{subsection.2.2.2}{\376\377\000A\000l\000g\000o\000r\000y\000t\000m\000\040\000R\000o\000s\000e\000n\000s\000t\000e\000i\000n\000a}{section.2.2}% 7
\BOOKMARK [1][-]{section.2.3}{\376\377\000A\000t\000r\000a\000k\000t\000o\000r\000\040\000L\000o\000r\000e\000n\000z\000a}{chapter.2}% 8
\BOOKMARK [2][-]{subsection.2.3.1}{\376\377\000Z\000a\000s\000a\000d\000a\000\040\000d\000z\000i\000a\001\102\000a\000n\000i\000a}{section.2.3}% 9
\BOOKMARK [1][-]{section.2.4}{\376\377\000S\000i\000e\000c\000i\000\040\000G\000A\000N}{chapter.2}% 10
\BOOKMARK [2][-]{subsection.2.4.1}{\376\377\000Z\000a\000s\000a\000d\000a\000\040\000d\000z\000i\000a\001\102\000a\000n\000i\000a}{section.2.4}% 11
\BOOKMARK [2][-]{subsection.2.4.2}{\376\377\000G\000e\000n\000e\000r\000a\000t\000o\000r\000\040\000i\000\040\000d\000y\000s\000k\000r\000y\000m\000i\000n\000a\000t\000o\000r}{section.2.4}% 12
\BOOKMARK [1][-]{section.2.5}{\376\377\000S\000i\000e\000c\000i\000\040\000z\000\040\000p\000a\000m\000i\001\031\000c\000i\001\005\000\040\000L\000S\000T\000M}{chapter.2}% 13
\BOOKMARK [2][-]{subsection.2.5.1}{\376\377\000B\000r\000a\000m\000k\000i\000\040\000i\000n\000f\000o\000r\000m\000a\000c\000y\000j\000n\000e}{section.2.5}% 14
\BOOKMARK [2][-]{subsection.2.5.2}{\376\377\000J\000e\000d\000n\000o\000w\000y\000m\000i\000a\000r\000o\000w\000e\000\040\000s\000i\000e\000c\000i\000\040\000s\000p\000l\000o\000t\000o\000w\000e\000\040\000C\000o\000n\000v\0001\000D}{section.2.5}% 15
\BOOKMARK [0][-]{chapter.3}{\376\377\000G\000e\000n\000e\000r\000o\000w\000a\000n\000i\000e\000\040\000c\000h\000a\000o\000s\000u}{}% 16
\BOOKMARK [1][-]{section.3.1}{\376\377\000D\000a\000n\000e\000\040\000w\000e\000j\001\133\000c\000i\000o\000w\000e}{chapter.3}% 17
\BOOKMARK [1][-]{section.3.2}{\376\377\000K\000o\000d\000\040\001\172\000r\000\363\000d\001\102\000o\000w\000y}{chapter.3}% 18
\BOOKMARK [2][-]{subsection.3.2.1}{\376\377\000I\000m\000p\000o\000r\000t\000o\000w\000a\000n\000i\000e\000\040\000b\000i\000b\000l\000i\000o\000t\000e\000k}{section.3.2}% 19
\BOOKMARK [2][-]{subsection.3.2.2}{\376\377\000I\000n\000i\000c\000j\000a\000l\000i\000z\000a\000c\000j\000a\000\040\000k\000l\000a\000s\000y\000\040\000g\001\102\000\363\000w\000n\000e\000j}{section.3.2}% 20
\BOOKMARK [2][-]{subsection.3.2.3}{\376\377\000P\000r\000z\000y\000g\000o\000t\000o\000w\000a\000n\000i\000e\000\040\000D\000a\000n\000y\000c\000h}{section.3.2}% 21
\BOOKMARK [2][-]{subsection.3.2.4}{\376\377\000S\000t\000r\000u\000k\000t\000u\000r\000a\000\040\000G\000e\000n\000e\000r\000a\000t\000o\000r\000a}{section.3.2}% 22
\BOOKMARK [2][-]{subsection.3.2.5}{\376\377\000S\000t\000r\000u\000k\000t\000u\000r\000a\000\040\000D\000y\000s\000k\000r\000y\000m\000i\000n\000a\000t\000o\000r\000a}{section.3.2}% 23
\BOOKMARK [2][-]{subsection.3.2.6}{\376\377\000P\000r\000o\000c\000e\000d\000u\000r\000a\000\040\000T\000r\000e\000n\000i\000n\000g\000o\000w\000a}{section.3.2}% 24
\BOOKMARK [2][-]{subsection.3.2.7}{\376\377\000P\001\031\000t\000l\000a\000\040\000U\000c\000z\001\005\000c\000a}{section.3.2}% 25
\BOOKMARK [2][-]{subsection.3.2.8}{\376\377\000P\000r\000z\000e\000w\000i\000d\000y\000w\000a\000n\000i\000e\000\040\000i\000\040\000Z\000a\000p\000i\000s\000\040\000P\000r\000z\000e\000b\000i\000e\000g\000\363\000w}{section.3.2}% 26
